[36mrolldown-vite v7.1.14 [32mbuilding for production...[36m[39m
[2K
transforming...[32mΓ£ô[39m 1907 modules transformed.
rendering chunks...
computing gzip size...
[2mdist/[22m[32mindex.html                                     [39m[1m[2m    0.52 kB[22m[22m[2m Γöé gzip:   0.32 kB[22m
[2mdist/[22m[2massets/[22m[32mlogin-B0Mzk35K.jpeg                     [39m[1m[2m  118.80 kB[22m[22m
[2mdist/[22m[2massets/[22m[32msign_up-CQb6g2rU.jpeg                   [39m[1m[2m  129.82 kB[22m[22m
[2mdist/[22m[2massets/[22m[32mlogo-nmpxCqig.png                       [39m[1m[2m  248.15 kB[22m[22m
[2mdist/[22m[2massets/[22m[35mindex-BGZWmtUy.css                      [39m[1m[2m  137.47 kB[22m[22m[2m Γöé gzip:  26.47 kB[22m
[2mdist/[22m[2massets/[22m[36mhowler-DZ7Zvudp.js                      [39m[1m[2m   26.72 kB[22m[22m[2m Γöé gzip:   7.93 kB[22m
[2mdist/[22m[2massets/[22m[36mnavmesh-CTOTGlB4.js                     [39m[1m[2m   55.26 kB[22m[22m[2m Γöé gzip:  11.01 kB[22m
[2mdist/[22m[2massets/[22m[36mboolean-CV_riivX.js                     [39m[1m[2m   56.66 kB[22m[22m[2m Γöé gzip:  19.48 kB[22m
[2mdist/[22m[2massets/[22m[36mprocess-Y79yhoJM.js                     [39m[1m[2m   67.71 kB[22m[22m[2m Γöé gzip:  22.75 kB[22m
[2mdist/[22m[2massets/[22m[36mgaussian-splat-compression-Dbd20quP.js  [39m[1m[2m   82.34 kB[22m[22m[2m Γöé gzip:  23.21 kB[22m
[2mdist/[22m[2massets/[22m[36mui-DxcgstRb.js                          [39m[1m[2m   91.31 kB[22m[22m[2m Γöé gzip:  28.32 kB[22m
[2mdist/[22m[2massets/[22m[36mopentype-DR1doVbB.js                    [39m[1m[2m  170.19 kB[22m[22m[2m Γöé gzip:  50.68 kB[22m
[2mdist/[22m[2massets/[22m[36mphysics-BX0i1DTQ.js                     [39m[1m[33m1,987.84 kB[39m[22m[2m Γöé gzip: 732.85 kB[22m
[2mdist/[22m[2massets/[22m[36mindex-G2DwLutk.js                       [39m[1m[33m3,186.72 kB[39m[22m[2m Γöé gzip: 921.26 kB[22m
[32mΓ£ô built in 2.65s[39m
node.exe : 
[33m[plugin 
builtin:reporter] 
[1m[33m
At C:\Users\srmor\App
Data\Roaming\npm\npx.
ps1:24 char:5
+     & "node$exe"  "
$basedir/node_modules
/npm/bin/npx-cli.js" 
$args
+     ~~~~~~~~~~~~~~~
~~~~~~~~~~~~~~~~~~~~~
~~~~~~~~~~~~~~~~~~~~~
~~~~~
    + CategoryInfo   
           : NotSpe  
  cified: ([33m[p   
 lugin builtin:re    
porter] [1m[33    
m:String) [], Re    
moteException
    + FullyQualified 
   ErrorId : Native  
  CommandError
 
(!) Some chunks are 
larger than 500 kB 
after minification. 
Consider:
- Using dynamic 
import() to 
code-split the 
application
- Use build.rollupOpt
ions.output.manualChu
nks to improve 
chunking: https://rol
lupjs.org/configurati
on-options/#output-ma
nualchunks
- Adjust chunk size 
limit for this 
warning via build.chu
nkSizeWarningLimit.[
39m
